// Jest Snapshot v1, https://goo.gl/fbAQLP

exports[`Pruebas en <GifItem /> debe hacer match con el snap 1`] = `
<div>
  <div
    class="card"
  >
    <img
      alt="Pruebas en"
      src="http://hola.test/images.png"
    />
    <p>
      Pruebas en
    </p>
  </div>
</div>
`;
